// Jest Snapshot v1, https://goo.gl/fbAQLP

exports[`renders correctly 1`] = `
<div
  style={
    Object {
      "marginTop": "25px",
    }
  }
>
  <h3>
    Statistics of strategy run
  </h3>
  <ul>
    <li>
      Number of trades: 
      <span
        className="pt-monospace-text"
        style={
          Object {
            "color": "#10161A",
          }
        }
      >
        1.00000000
         
        
      </span>
    </li>
    <li>
      Average trades per day: 
      <span
        className="pt-monospace-text"
        style={
          Object {
            "color": "#10161A",
          }
        }
      >
        1.00000000
         
        
      </span>
    </li>
    <li>
      Profit: 
      <span
        className="pt-monospace-text"
        style={
          Object {
            "color": undefined,
          }
        }
      >
        0.00000000
         
        
      </span>
    </li>
    <li>
      Profitability against HODL:
       
      <span
        className="pt-monospace-text"
        style={
          Object {
            "color": undefined,
          }
        }
      >
        NaN
         
        %
      </span>
       
      (Hodl profit factor would be:
       
      <span
        className="pt-monospace-text"
        style={
          Object {
            "color": undefined,
          }
        }
      >
        0.00000000
         
        
      </span>
      )
    </li>
    <li>
      Average profit per trade:
       
      <span
        className="pt-monospace-text"
        style={
          Object {
            "color": undefined,
          }
        }
      >
        0.00000000
         
        
      </span>
    </li>
    <li>
      Percent winning trades: 
      <span
        className="pt-monospace-text"
        style={
          Object {
            "color": "#10161A",
          }
        }
      >
        0.00
         
        %
      </span>
    </li>
    <li>
      Standard deviation:
       
      <span
        className="pt-monospace-text"
        style={
          Object {
            "color": "#10161A",
          }
        }
      >
        0.00000000
         
        
      </span>
    </li>
  </ul>
</div>
`;
